// Jest Snapshot v1, https://goo.gl/fbAQLP

exports[`Login Component test renders well 1`] = `
<div>
  Room
</div>
`;
